// Jest Snapshot v1, https://goo.gl/fbAQLP

exports[`works 1`] = `
"'use strict';

var _reactIntl = require('react-intl');

(0, _reactIntl.defineMessages)({
  hello: {
    id: 'hello',
    defaultMessage: 'hello world'
  }
});"
`;
